Archive member included to satisfy reference by file (symbol)

/home/connor/git/vexcodetext/sdk/vexv5/libv5rt.a(v5_startup.c.obj)
                              (vexStartup)
/home/connor/git/vexcodetext/sdk/vexv5/libv5rt.a(v5_util.c.obj)
                              /home/connor/git/vexcodetext/sdk/vexv5/libv5rt.a(v5_startup.c.obj) (vexStdlibVersionLinked)
/home/connor/git/vexcodetext/sdk/vexv5/libv5rt.a(v5_apijump.c.obj)
                              /home/connor/git/vexcodetext/sdk/vexv5/libv5rt.a(v5_startup.c.obj) (vexPrivateApiEnable)
/home/connor/git/vexcodetext/sdk/vexv5/libv5rt.a(v5_apiversions.c.obj)
                              /home/connor/git/vexcodetext/sdk/vexv5/libv5rt.a(v5_apijump.c.obj) (vexSystemVersion)
/home/connor/git/vexcodetext/sdk/vexv5/gcc/libs/libc.a(lib_a-fini.o)
                              /home/connor/git/vexcodetext/sdk/vexv5/libv5rt.a(v5_startup.c.obj) (__libc_fini_array)
/home/connor/git/vexcodetext/sdk/vexv5/gcc/libs/libc.a(lib_a-impure.o)
                              /home/connor/git/vexcodetext/sdk/vexv5/libv5rt.a(v5_startup.c.obj) (_impure_ptr)
/home/connor/git/vexcodetext/sdk/vexv5/gcc/libs/libc.a(lib_a-init.o)
                              /home/connor/git/vexcodetext/sdk/vexv5/libv5rt.a(v5_startup.c.obj) (__libc_init_array)

Allocating common symbols
Common symbol       size              file

__vex_critical_section
                    0x1               /home/connor/git/vexcodetext/sdk/vexv5/libv5rt.a(v5_startup.c.obj)

Discarded input sections

 .text          0x00000000        0x0 build/src/main.o
 .llvm_addrsig  0x00000000        0x0 build/src/main.o
 .text          0x00000000        0x0 /home/connor/git/vexcodetext/sdk/vexv5/libv5rt.a(v5_startup.c.obj)
 .data          0x00000000        0x0 /home/connor/git/vexcodetext/sdk/vexv5/libv5rt.a(v5_startup.c.obj)
 .bss           0x00000000        0x0 /home/connor/git/vexcodetext/sdk/vexv5/libv5rt.a(v5_startup.c.obj)
 .text.__cyg_profile_func_enter
                0x00000000        0x4 /home/connor/git/vexcodetext/sdk/vexv5/libv5rt.a(v5_startup.c.obj)
 .text.__cyg_profile_func_exit
                0x00000000        0x4 /home/connor/git/vexcodetext/sdk/vexv5/libv5rt.a(v5_startup.c.obj)
 .text._sbrk    0x00000000       0x54 /home/connor/git/vexcodetext/sdk/vexv5/libv5rt.a(v5_startup.c.obj)
 .text._exit    0x00000000       0x5c /home/connor/git/vexcodetext/sdk/vexv5/libv5rt.a(v5_startup.c.obj)
 .text.kill     0x00000000       0x1c /home/connor/git/vexcodetext/sdk/vexv5/libv5rt.a(v5_startup.c.obj)
 .text._kill    0x00000000       0x1c /home/connor/git/vexcodetext/sdk/vexv5/libv5rt.a(v5_startup.c.obj)
 .text.getpid   0x00000000        0x8 /home/connor/git/vexcodetext/sdk/vexv5/libv5rt.a(v5_startup.c.obj)
 .text._getpid  0x00000000        0x8 /home/connor/git/vexcodetext/sdk/vexv5/libv5rt.a(v5_startup.c.obj)
 .text.__cxa_atexit
                0x00000000        0x8 /home/connor/git/vexcodetext/sdk/vexv5/libv5rt.a(v5_startup.c.obj)
 .text.__cxa_guard_acquire
                0x00000000       0x10 /home/connor/git/vexcodetext/sdk/vexv5/libv5rt.a(v5_startup.c.obj)
 .text.__cxa_guard_release
                0x00000000        0xc /home/connor/git/vexcodetext/sdk/vexv5/libv5rt.a(v5_startup.c.obj)
 .text.__cxa_guard_abort
                0x00000000        0x4 /home/connor/git/vexcodetext/sdk/vexv5/libv5rt.a(v5_startup.c.obj)
 .text.__cxa_pure_virtual
                0x00000000        0x4 /home/connor/git/vexcodetext/sdk/vexv5/libv5rt.a(v5_startup.c.obj)
 .bss.heap.9088
                0x00000000        0x4 /home/connor/git/vexcodetext/sdk/vexv5/libv5rt.a(v5_startup.c.obj)
 .bss.__dso_handle
                0x00000000        0x4 /home/connor/git/vexcodetext/sdk/vexv5/libv5rt.a(v5_startup.c.obj)
 .text          0x00000000        0x0 /home/connor/git/vexcodetext/sdk/vexv5/libv5rt.a(v5_util.c.obj)
 .data          0x00000000        0x0 /home/connor/git/vexcodetext/sdk/vexv5/libv5rt.a(v5_util.c.obj)
 .bss           0x00000000        0x0 /home/connor/git/vexcodetext/sdk/vexv5/libv5rt.a(v5_util.c.obj)
 .text          0x00000000        0x0 /home/connor/git/vexcodetext/sdk/vexv5/libv5rt.a(v5_apijump.c.obj)
 .data          0x00000000        0x0 /home/connor/git/vexcodetext/sdk/vexv5/libv5rt.a(v5_apijump.c.obj)
 .bss           0x00000000        0x0 /home/connor/git/vexcodetext/sdk/vexv5/libv5rt.a(v5_apijump.c.obj)
 .text.vexPrivateApiDisable
                0x00000000       0x10 /home/connor/git/vexcodetext/sdk/vexv5/libv5rt.a(v5_apijump.c.obj)
 .text.vexIntegrityCheck
                0x00000000       0x4c /home/connor/git/vexcodetext/sdk/vexv5/libv5rt.a(v5_apijump.c.obj)
 .text.vexGzipInflateBuffer
                0x00000000       0x5c /home/connor/git/vexcodetext/sdk/vexv5/libv5rt.a(v5_apijump.c.obj)
 .text.vexGzipInflateBufferRaw
                0x00000000       0x5c /home/connor/git/vexcodetext/sdk/vexv5/libv5rt.a(v5_apijump.c.obj)
 .text.vexSystemFwUpdateRequest
[...]
Memory Configuration

Name             Origin             Length             Attributes
ps7_ddr_0_S_AXI_BASEADDR 0x03800000         0x04800000
*default*        0x00000000         0xffffffff

Linker script and memory map

                0x00002000                        _STACK_SIZE = DEFINED (_STACK_SIZE)?_STACK_SIZE:0x2000
                0x00100000                        _HEAP_SIZE = DEFINED (_HEAP_SIZE)?_HEAP_SIZE:0x100000
                0x00000400                        _ABORT_STACK_SIZE = DEFINED (_ABORT_STACK_SIZE)?_ABORT_STACK_SIZE:0x400
                0x00000800                        _SUPERVISOR_STACK_SIZE = DEFINED (_SUPERVISOR_STACK_SIZE)?_SUPERVISOR_STACK_SIZE:0x800
                0x00000400                        _IRQ_STACK_SIZE = DEFINED (_IRQ_STACK_SIZE)?_IRQ_STACK_SIZE:0x400
                0x00000400                        _FIQ_STACK_SIZE = DEFINED (_FIQ_STACK_SIZE)?_FIQ_STACK_SIZE:0x400
                0x00000400                        _UNDEF_STACK_SIZE = DEFINED (_UNDEF_STACK_SIZE)?_UNDEF_STACK_SIZE:0x400

.text           0x03800000      0x488
 *(.vectors)
 *(.boot_data)
 .boot_data     0x03800000       0x20 /home/connor/git/vexcodetext/sdk/vexv5/libv5rt.a(v5_startup.c.obj)
                0x03800000                vexCodeSig
                0x00000020                        . = 0x20
 *(.boot)
 .boot          0x03800020       0xbc /home/connor/git/vexcodetext/sdk/vexv5/libv5rt.a(v5_startup.c.obj)
                0x03800020                vexStartup
                0x03800100                        . = ALIGN (0x40)
 *fill*         0x038000dc       0x24 
 *(.freertos_vectors)
 *(.text)
 *(.text.*)
 .text.main     0x03800100        0x8 build/src/main.o
                0x03800100                main
 .text.vexMain  0x03800108       0xb0 /home/connor/git/vexcodetext/sdk/vexv5/libv5rt.a(v5_startup.c.obj)
                0x03800108                vexMain
 .text.__vex_function_prolog
                0x038001b8       0x18 /home/connor/git/vexcodetext/sdk/vexv5/libv5rt.a(v5_startup.c.obj)
                0x038001b8                __vex_function_prolog
 .text._init    0x038001d0        0x4 /home/connor/git/vexcodetext/sdk/vexv5/libv5rt.a(v5_startup.c.obj)
                0x038001d0                _init
 .text._fini    0x038001d4        0x4 /home/connor/git/vexcodetext/sdk/vexv5/libv5rt.a(v5_startup.c.obj)
                0x038001d4                _fini
 .text.vexStdlibVersionLinked
                0x038001d8        0xc /home/connor/git/vexcodetext/sdk/vexv5/libv5rt.a(v5_util.c.obj)
                0x038001d8                vexStdlibVersionLinked
 .text.vexStdlibVersionVerify
                0x038001e4       0x30 /home/connor/git/vexcodetext/sdk/vexv5/libv5rt.a(v5_util.c.obj)
                0x038001e4                vexStdlibVersionVerify
 .text.vexPrivateApiEnable
                0x03800214       0x10 /home/connor/git/vexcodetext/sdk/vexv5/libv5rt.a(v5_apijump.c.obj)
                0x03800214                vexPrivateApiEnable
 .text.vexStdlibMismatchError
                0x03800224       0x3c /home/connor/git/vexcodetext/sdk/vexv5/libv5rt.a(v5_apijump.c.obj)
                0x03800224                vexStdlibMismatchError
 .text.vexTaskAdd
                0x03800260       0x10 /home/connor/git/vexcodetext/sdk/vexv5/libv5rt.a(v5_apijump.c.obj)
                0x03800260                vexTaskAdd
 .text.vexTasksRun
                0x03800270       0x10 /home/connor/git/vexcodetext/sdk/vexv5/libv5rt.a(v5_apijump.c.obj)
                0x03800270                vexTasksRun
 .text.vexTaskCheckTimeslice
                0x03800280       0x10 /home/connor/git/vexcodetext/sdk/vexv5/libv5rt.a(v5_apijump.c.obj)
                0x03800280                vexTaskCheckTimeslice
 .text.vexTasksDump
                0x03800290       0x1c /home/connor/git/vexcodetext/sdk/vexv5/libv5rt.a(v5_apijump.c.obj)
                0x03800290                vexTasksDump
 .text.vexTaskGetTaskIndex
                0x038002ac       0x10 /home/connor/git/vexcodetext/sdk/vexv5/libv5rt.a(v5_apijump.c.obj)
                0x038002ac                vexTaskGetTaskIndex
 .text.vexTaskStopAll
                0x038002bc       0x10 /home/connor/git/vexcodetext/sdk/vexv5/libv5rt.a(v5_apijump.c.obj)
                0x038002bc                vexTaskStopAll
 .text.vexTaskCompletionIdSet
                0x038002cc       0x10 /home/connor/git/vexcodetext/sdk/vexv5/libv5rt.a(v5_apijump.c.obj)
                0x038002cc                vexTaskCompletionIdSet
 .text.vexDebug
                0x038002dc       0x38 /home/connor/git/vexcodetext/sdk/vexv5/libv5rt.a(v5_apijump.c.obj)
                0x038002dc                vexDebug
 .text.vexSystemTimeGet
                0x03800314       0x1c /home/connor/git/vexcodetext/sdk/vexv5/libv5rt.a(v5_apijump.c.obj)
                0x03800314                vexSystemTimeGet
 .text.vexSystemExitRequest
                0x03800330       0x1c /home/connor/git/vexcodetext/sdk/vexv5/libv5rt.a(v5_apijump.c.obj)
                0x03800330                vexSystemExitRequest
 .text.vexSystemStdlibImpureDataAddr
                0x0380034c       0x28 /home/connor/git/vexcodetext/sdk/vexv5/libv5rt.a(v5_apijump.c.obj)
                0x0380034c                vexSystemStdlibImpureDataAddr
 .text.vexSystemStdlibImpureDataSize
                0x03800374       0x28 /home/connor/git/vexcodetext/sdk/vexv5/libv5rt.a(v5_apijump.c.obj)
                0x03800374                vexSystemStdlibImpureDataSize
 .text.vexSystemSaveUserData
                0x0380039c       0x3c /home/connor/git/vexcodetext/sdk/vexv5/libv5rt.a(v5_apijump.c.obj)
                0x0380039c                vexSystemSaveUserData
 .text.vexSystemVersion
                0x038003d8       0x10 /home/connor/git/vexcodetext/sdk/vexv5/libv5rt.a(v5_apiversions.c.obj)
                0x038003d8                vexSystemVersion
 .text.vexStdlibVersion
                0x038003e8       0x10 /home/connor/git/vexcodetext/sdk/vexv5/libv5rt.a(v5_apiversions.c.obj)
                0x038003e8                vexStdlibVersion
 .text.__libc_fini_array
                0x038003f8       0x30 /home/connor/git/vexcodetext/sdk/vexv5/gcc/libs/libc.a(lib_a-fini.o)
                0x038003f8                __libc_fini_array
 .text.__libc_init_array
                0x03800428       0x58 /home/connor/git/vexcodetext/sdk/vexv5/gcc/libs/libc.a(lib_a-init.o)
                0x03800428                __libc_init_array
 .text.__libc_init_array.__stub
                0x03800480        0x8 linker stubs
 *(.gnu.linkonce.t.*)
 *(.plt)
 *(.gnu_warning)
 *(.gcc_except_table)
 *(.glue_7)
 .glue_7        0x03800488        0x0 linker stubs
 *(.glue_7t)
 .glue_7t       0x03800488        0x0 linker stubs
 *(.vfp11_veneer)
 .vfp11_veneer  0x03800488        0x0 linker stubs
 *(.ARM.extab)
 *(.gnu.linkonce.armextab.*)

.v4_bx          0x03800488        0x0
 .v4_bx         0x03800488        0x0 linker stubs

.iplt           0x03800488        0x0
 .iplt          0x03800488        0x0 build/src/main.o

.init
 *(.init)

.fini
 *(.fini)

.rodata         0x03800488       0x32
                0x03800488                        __rodata_start = .
 *(.rodata)
 *(.rodata.*)
 .rodata.str1.1
                0x03800488       0x2e /home/connor/git/vexcodetext/sdk/vexv5/libv5rt.a(v5_startup.c.obj)
 *fill*         0x038004b6        0x2 
 .rodata.str1.4
                0x038004b8        0x2 /home/connor/git/vexcodetext/sdk/vexv5/gcc/libs/libc.a(lib_a-impure.o)
 *(.gnu.linkonce.r.*)
                0x038004ba                        __rodata_end = .

.rodata1        0x038004ba        0x0
                0x038004ba                        __rodata1_start = .
 *(.rodata1)
 *(.rodata1.*)
                0x038004ba                        __rodata1_end = .

.sdata2         0x038004ba        0x0
                0x038004ba                        __sdata2_start = .
 *(.sdata2)
 *(.sdata2.*)
 *(.gnu.linkonce.s2.*)
                0x038004ba                        __sdata2_end = .

.sbss2          0x038004ba        0x0
                0x038004ba                        __sbss2_start = .
 *(.sbss2)
 *(.sbss2.*)
 *(.gnu.linkonce.sb2.*)
                0x038004ba                        __sbss2_end = .

.data           0x038004c0      0x434
                0x038004c0                        __data_start = .
 *(.data)
 *(.data.*)
 .data.appRunning
                0x038004c0        0x4 /home/connor/git/vexcodetext/sdk/vexv5/libv5rt.a(v5_startup.c.obj)
                0x038004c0                appRunning
 *fill*         0x038004c4        0x4 
 .data.impure_data
                0x038004c8      0x428 /home/connor/git/vexcodetext/sdk/vexv5/gcc/libs/libc.a(lib_a-impure.o)
 .data._impure_ptr
                0x038008f0        0x4 /home/connor/git/vexcodetext/sdk/vexv5/gcc/libs/libc.a(lib_a-impure.o)
                0x038008f0                _impure_ptr
 *(.gnu.linkonce.d.*)
 *(.jcr)
 *(.got)
 *(.got.plt)
                0x038008f4                        __data_end = .

.igot.plt       0x038008f4        0x0
 .igot.plt      0x038008f4        0x0 build/src/main.o

.data1          0x038008f4        0x0
                0x038008f4                        __data1_start = .
 *(.data1)
 *(.data1.*)
                0x038008f4                        __data1_end = .

.got
 *(.got)

.ctors          0x038008f4        0x0
                0x038008f4                        __CTOR_LIST__ = .
                0x038008f4                        ___CTORS_LIST___ = .
 *crtbegin.o(.ctors)
 *(EXCLUDE_FILE(*crtend.o) .ctors)
 *(SORT_BY_NAME(.ctors.*))
 *(.ctors)
                0x038008f4                        __CTOR_END__ = .
                0x038008f4                        ___CTORS_END___ = .

.dtors          0x038008f4        0x0
                0x038008f4                        __DTOR_LIST__ = .
                0x038008f4                        ___DTORS_LIST___ = .
 *crtbegin.o(.dtors)
 *(EXCLUDE_FILE(*crtend.o) .dtors)
 *(SORT_BY_NAME(.dtors.*))
 *(.dtors)
                0x038008f4                        __DTOR_END__ = .
                0x038008f4                        ___DTORS_END___ = .

.fixup          0x038008f4        0x0
                0x038008f4                        __fixup_start = .
 *(.fixup)
                0x038008f4                        __fixup_end = .

.eh_frame
 *(.eh_frame)

.eh_framehdr    0x038008f4        0x0
                0x038008f4                        __eh_framehdr_start = .
 *(.eh_framehdr)
                0x038008f4                        __eh_framehdr_end = .

.gcc_except_table
 *(.gcc_except_table)

.mmu_tbl        0x03804000        0x0
                0x03804000                        __mmu_tbl_start = .
 *(.mmu_tbl)
                0x03804000                        __mmu_tbl_end = .

.ARM.exidx      0x038008f4        0x8
                0x038008f4                        __exidx_start = .
 *(.ARM.exidx*)
 .ARM.exidx.text.main
                0x038008f4        0x8 build/src/main.o
 *(.gnu.linkonce.armexidix.*.*)
                0x038008fc                        __exidx_end = .

.rel.dyn        0x038008fc        0x0
 .rel.iplt      0x038008fc        0x0 build/src/main.o

.preinit_array  0x038008fc        0x0
                0x038008fc                        __preinit_array_start = .
 *(SORT_BY_NAME(.preinit_array.*))
 *(.preinit_array)
                0x038008fc                        __preinit_array_end = .

.init_array     0x038008fc        0x0
                0x038008fc                        __init_array_start = .
 *(SORT_BY_NAME(.init_array.*))
 *(.init_array)
                0x038008fc                        __init_array_end = .

.fini_array     0x038008fc        0x0
                0x038008fc                        __fini_array_start = .
 *(SORT_BY_NAME(.fini_array.*))
 *(.fini_array)
                0x038008fc                        __fini_array_end = .

.ARM.attributes
                0x038008fc       0x3c
                0x038008fc                        __ARM.attributes_start = .
 *(.ARM.attributes)
 .ARM.attributes
                0x038008fc       0x3a build/src/main.o
 .ARM.attributes
                0x03800936       0x35 /home/connor/git/vexcodetext/sdk/vexv5/libv5rt.a(v5_startup.c.obj)
 .ARM.attributes
                0x0380096b       0x35 /home/connor/git/vexcodetext/sdk/vexv5/libv5rt.a(v5_util.c.obj)
 .ARM.attributes
                0x038009a0       0x35 /home/connor/git/vexcodetext/sdk/vexv5/libv5rt.a(v5_apijump.c.obj)
 .ARM.attributes
                0x038009d5       0x35 /home/connor/git/vexcodetext/sdk/vexv5/libv5rt.a(v5_apiversions.c.obj)
 .ARM.attributes
                0x03800a0a       0x2b /home/connor/git/vexcodetext/sdk/vexv5/gcc/libs/libc.a(lib_a-fini.o)
 .ARM.attributes
                0x03800a35       0x2b /home/connor/git/vexcodetext/sdk/vexv5/gcc/libs/libc.a(lib_a-impure.o)
 .ARM.attributes
                0x03800a60       0x2b /home/connor/git/vexcodetext/sdk/vexv5/gcc/libs/libc.a(lib_a-init.o)
                0x03800a8b                        __ARM.attributes_end = .

.sdata          0x038008fc        0x0
                0x038008fc                        __sdata_start = .
 *(.sdata)
 *(.sdata.*)
 *(.gnu.linkonce.s.*)
                0x038008fc                        __sdata_end = .

.sbss           0x038008fc        0x0
                0x038008fc                        __sbss_start = .
 *(.sbss)
 *(.sbss.*)
 *(.gnu.linkonce.sb.*)
                0x038008fc                        __sbss_end = .

.tdata          0x038008fc        0x0
                0x038008fc                        __tdata_start = .
 *(.tdata)
 *(.tdata.*)
 *(.gnu.linkonce.td.*)
                0x038008fc                        __tdata_end = .

.tbss           0x038008fc        0x0
                0x038008fc                        __tbss_start = .
 *(.tbss)
 *(.tbss.*)
 *(.gnu.linkonce.tb.*)
                0x038008fc                        __tbss_end = .

.bss            0x038008fc        0x1
                0x038008fc                        __bss_start = .
 *(.bss)
 *(.bss.*)
 *(.gnu.linkonce.b.*)
 *(COMMON)
 COMMON         0x038008fc        0x1 /home/connor/git/vexcodetext/sdk/vexv5/libv5rt.a(v5_startup.c.obj)
                0x038008fc                __vex_critical_section
                0x038008fd                        __bss_end = .
                0x038008fc                        _SDA_BASE_ = (__sdata_start + ((__sbss_end - __sdata_start) / 0x2))
                0x038004ba                        _SDA2_BASE_ = (__sdata2_start + ((__sbss2_end - __sdata2_start) / 0x2))

.heap           0x038008fd   0x100003
                0x03800900                        . = ALIGN (0x10)
 *fill*         0x038008fd        0x3 
                0x03800900                        _heap = .
                0x03800900                        HeapBase = .
                0x03800900                        _heap_start = .
                0x03900900                        . = (. + _HEAP_SIZE)
 *fill*         0x03800900   0x100000 
                0x03900900                        _heap_end = .
                0x03900900                        HeapLimit = .

.stack          0x03900900     0x3800
                0x03900900                        . = ALIGN (0x10)
                0x03900900                        _stack_end = .
                0x03902900                        . = (. + _STACK_SIZE)
 *fill*         0x03900900     0x2000 
                0x03902900                        . = ALIGN (0x10)
                0x03902900                        _stack = .
                0x03902900                        __stack = _stack
                0x03902900                        . = ALIGN (0x10)
                0x03902900                        _irq_stack_end = .
                0x03902d00                        . = (. + _IRQ_STACK_SIZE)
 *fill*         0x03902900      0x400 
                0x03902d00                        . = ALIGN (0x10)
                0x03902d00                        __irq_stack = .
                0x03902d00                        _supervisor_stack_end = .
                0x03903500                        . = (. + _SUPERVISOR_STACK_SIZE)
 *fill*         0x03902d00      0x800 
                0x03903500                        . = ALIGN (0x10)
                0x03903500                        __supervisor_stack = .
                0x03903500                        _abort_stack_end = .
                0x03903900                        . = (. + _ABORT_STACK_SIZE)
 *fill*         0x03903500      0x400 
                0x03903900                        . = ALIGN (0x10)
                0x03903900                        __abort_stack = .
                0x03903900                        _fiq_stack_end = .
                0x03903d00                        . = (. + _FIQ_STACK_SIZE)
 *fill*         0x03903900      0x400 
                0x03903d00                        . = ALIGN (0x10)
                0x03903d00                        __fiq_stack = .
                0x03903d00                        _undef_stack_end = .
                0x03904100                        . = (. + _UNDEF_STACK_SIZE)
 *fill*         0x03903d00      0x400 
                0x03904100                        . = ALIGN (0x10)
                0x03904100                        __undef_stack = .
                0x03904100                        _end = .
LOAD /home/connor/git/vexcodetext/sdk/vexv5/stdlib_0.lib
LOAD build/src/main.o
START GROUP
LOAD /home/connor/git/vexcodetext/sdk/vexv5/libv5rt.a
LOAD /home/connor/git/vexcodetext/sdk/vexv5/gcc/libs/libstdc++.a
LOAD /home/connor/git/vexcodetext/sdk/vexv5/gcc/libs/libc.a
LOAD /home/connor/git/vexcodetext/sdk/vexv5/gcc/libs/libm.a
LOAD /home/connor/git/vexcodetext/sdk/vexv5/gcc/libs/libgcc.a
END GROUP
OUTPUT(build/vexcodetext.elf elf32-littlearm)
LOAD linker stubs

.comment        0x00000000       0x85
 .comment       0x00000000       0x85 build/src/main.o
                                 0x16 (size before relaxing)
 .comment       0x00000085       0x71 /home/connor/git/vexcodetext/sdk/vexv5/libv5rt.a(v5_startup.c.obj)
 .comment       0x00000085       0x71 /home/connor/git/vexcodetext/sdk/vexv5/libv5rt.a(v5_util.c.obj)
 .comment       0x00000085       0x71 /home/connor/git/vexcodetext/sdk/vexv5/libv5rt.a(v5_apijump.c.obj)
 .comment       0x00000085       0x71 /home/connor/git/vexcodetext/sdk/vexv5/libv5rt.a(v5_apiversions.c.obj)

.note.GNU-stack
                0x00000000        0x0
 .note.GNU-stack
                0x00000000        0x0 build/src/main.o

.debug_frame    0x00000000       0x60
 .debug_frame   0x00000000       0x34 /home/connor/git/vexcodetext/sdk/vexv5/gcc/libs/libc.a(lib_a-fini.o)
 .debug_frame   0x00000034       0x2c /home/connor/git/vexcodetext/sdk/vexv5/gcc/libs/libc.a(lib_a-init.o)
